###############################################################################
#
# IAR ELF Linker V8.30.1.114/W32 for ARM                  18/Jul/2019  17:36:12
# Copyright 2007-2018 IAR Systems AB.
#
#    Output file  =  
#        C:\Users\Manager\Documents\project\VHR\HAL\Display\scanman\EWARM\scanman\Exe\scanman.out
#    Map file     =  
#        C:\Users\Manager\Documents\project\VHR\HAL\Display\scanman\EWARM\scanman\List\scanman.map
#    Command line =  
#        -f C:\Users\Manager\AppData\Local\Temp\EW3137.tmp
#        (C:\Users\Manager\Documents\project\VHR\HAL\Display\scanman\EWARM\scanman\Obj\HX711.o
#        C:\Users\Manager\Documents\project\VHR\HAL\Display\scanman\EWARM\scanman\Obj\main.o
#        C:\Users\Manager\Documents\project\VHR\HAL\Display\scanman\EWARM\scanman\Obj\scanman.o
#        C:\Users\Manager\Documents\project\VHR\HAL\Display\scanman\EWARM\scanman\Obj\startup_stm32f407xx.o
#        C:\Users\Manager\Documents\project\VHR\HAL\Display\scanman\EWARM\scanman\Obj\stm32f4_discovery_lcd.o
#        C:\Users\Manager\Documents\project\VHR\HAL\Display\scanman\EWARM\scanman\Obj\stm32f4xx_hal.o
#        C:\Users\Manager\Documents\project\VHR\HAL\Display\scanman\EWARM\scanman\Obj\stm32f4xx_hal_adc.o
#        C:\Users\Manager\Documents\project\VHR\HAL\Display\scanman\EWARM\scanman\Obj\stm32f4xx_hal_adc_ex.o
#        C:\Users\Manager\Documents\project\VHR\HAL\Display\scanman\EWARM\scanman\Obj\stm32f4xx_hal_cortex.o
#        C:\Users\Manager\Documents\project\VHR\HAL\Display\scanman\EWARM\scanman\Obj\stm32f4xx_hal_dma.o
#        C:\Users\Manager\Documents\project\VHR\HAL\Display\scanman\EWARM\scanman\Obj\stm32f4xx_hal_dma_ex.o
#        C:\Users\Manager\Documents\project\VHR\HAL\Display\scanman\EWARM\scanman\Obj\stm32f4xx_hal_flash.o
#        C:\Users\Manager\Documents\project\VHR\HAL\Display\scanman\EWARM\scanman\Obj\stm32f4xx_hal_flash_ex.o
#        C:\Users\Manager\Documents\project\VHR\HAL\Display\scanman\EWARM\scanman\Obj\stm32f4xx_hal_flash_ramfunc.o
#        C:\Users\Manager\Documents\project\VHR\HAL\Display\scanman\EWARM\scanman\Obj\stm32f4xx_hal_gpio.o
#        C:\Users\Manager\Documents\project\VHR\HAL\Display\scanman\EWARM\scanman\Obj\stm32f4xx_hal_i2c.o
#        C:\Users\Manager\Documents\project\VHR\HAL\Display\scanman\EWARM\scanman\Obj\stm32f4xx_hal_i2c_ex.o
#        C:\Users\Manager\Documents\project\VHR\HAL\Display\scanman\EWARM\scanman\Obj\stm32f4xx_hal_msp.o
#        C:\Users\Manager\Documents\project\VHR\HAL\Display\scanman\EWARM\scanman\Obj\stm32f4xx_hal_pwr.o
#        C:\Users\Manager\Documents\project\VHR\HAL\Display\scanman\EWARM\scanman\Obj\stm32f4xx_hal_pwr_ex.o
#        C:\Users\Manager\Documents\project\VHR\HAL\Display\scanman\EWARM\scanman\Obj\stm32f4xx_hal_rcc.o
#        C:\Users\Manager\Documents\project\VHR\HAL\Display\scanman\EWARM\scanman\Obj\stm32f4xx_hal_rcc_ex.o
#        C:\Users\Manager\Documents\project\VHR\HAL\Display\scanman\EWARM\scanman\Obj\stm32f4xx_hal_sram.o
#        C:\Users\Manager\Documents\project\VHR\HAL\Display\scanman\EWARM\scanman\Obj\stm32f4xx_hal_tim.o
#        C:\Users\Manager\Documents\project\VHR\HAL\Display\scanman\EWARM\scanman\Obj\stm32f4xx_hal_tim_ex.o
#        C:\Users\Manager\Documents\project\VHR\HAL\Display\scanman\EWARM\scanman\Obj\stm32f4xx_hal_uart.o
#        C:\Users\Manager\Documents\project\VHR\HAL\Display\scanman\EWARM\scanman\Obj\stm32f4xx_it.o
#        C:\Users\Manager\Documents\project\VHR\HAL\Display\scanman\EWARM\scanman\Obj\stm32f4xx_ll_fsmc.o
#        C:\Users\Manager\Documents\project\VHR\HAL\Display\scanman\EWARM\scanman\Obj\system_stm32f4xx.o
#        C:\Users\Manager\Documents\project\VHR\HAL\Display\scanman\EWARM\scanman\Obj\US.o
#        --redirect _Printf=_PrintfFull --redirect _Scanf=_ScanfFull
#        --no_out_extension -o
#        C:\Users\Manager\Documents\project\VHR\HAL\Display\scanman\EWARM\scanman\Exe\scanman.out
#        --map
#        C:\Users\Manager\Documents\project\VHR\HAL\Display\scanman\EWARM\scanman\List\scanman.map
#        --config
#        C:\Users\Manager\Documents\project\VHR\HAL\Display\scanman\EWARM/stm32f407xx_flash.icf
#        --semihosting --entry __iar_program_start --vfe --text_out locale)
#
###############################################################################

*******************************************************************************
*** RUNTIME MODEL ATTRIBUTES
***

CppFlavor       = *
__SystemLibrary = DLib
__dlib_version  = 6


*******************************************************************************
*** HEAP SELECTION
***

The basic heap was selected because no calls to memory allocation
functions were found in the application outside of system library
functions, and there are calls to deallocation functions in the
application.


*******************************************************************************
*** PLACEMENT SUMMARY
***

"A0":  place at 0x800'0000 { ro section .intvec };
"P1":  place in [from 0x800'0000 to 0x80f'ffff] { ro };
define block CSTACK with size = 1K, alignment = 8 { };
define block HEAP with size = 512, alignment = 8 { };
"P2":  place in [from 0x2000'0000 to 0x2001'ffff] {
          rw, block CSTACK, block HEAP };
initialize by copy { rw };

  Section            Kind         Address    Size  Object
  -------            ----         -------    ----  ------
"A0":                                       0x188
  .intvec            ro code   0x800'0000   0x188  startup_stm32f407xx.o [1]
                             - 0x800'0188   0x188

"P1":                                      0x5e9e
  .rodata            const     0x800'0188  0x11d0  stm32f4_discovery_lcd.o [1]
  .text              ro code   0x800'1358   0xf7a  xprintffull.o [2]
  .text              ro code   0x800'22d2    0x7a  lz77_init_single.o [4]
  .text              ro code   0x800'234c    0x78  xlocale_c.o [2]
  .text              ro code   0x800'23c4    0x16  strchr.o [4]
  .text              ro code   0x800'23da    0x3a  zero_init3.o [4]
  .text              ro code   0x800'2414    0x40  xfail_s.o [2]
  .text              ro code   0x800'2454    0x36  strlen.o [4]
  .text              ro code   0x800'248a    0x1e  xencoding_8859_1.o [2]
  .text              ro code   0x800'24a8    0x58  memchr.o [4]
  .text              ro code   0x800'2500     0xa  xmbcurmax.o [2]
  .text              ro code   0x800'250a     0xa  xsprout.o [2]
  .text              ro code   0x800'2514    0xa6  ABImemcpy.o [4]
  .text              ro code   0x800'25bc   0x230  I64DivMod.o [4]
  .text              ro code   0x800'27ec   0x1a2  DblMul.o [3]
  .text              ro code   0x800'2990    0x70  frexp.o [3]
  .text              ro code   0x800'2a00    0x2e  DblCmpLe.o [3]
  .text              ro code   0x800'2a30    0x2e  DblCmpGe.o [3]
  .text              ro code   0x800'2a60   0x13a  ldexp.o [3]
  .text              ro code   0x800'2b9c    0x3a  DblToS32.o [3]
  .text              ro code   0x800'2bd8    0x22  S32ToDbl.o [3]
  .text              ro code   0x800'2bfc    0xe2  DblSub.o [3]
  .text              ro code   0x800'2ce0   0x246  DblDiv.o [3]
  .text              ro code   0x800'2f28    0x28  DblToU32.o [3]
  .text              ro code   0x800'2f50    0x1a  U32ToDbl.o [3]
  .text              ro code   0x800'2f6a     0x6  abort.o [2]
  .text              ro code   0x800'2f70     0x2  I64DivZer.o [4]
  .text              ro code   0x800'2f74   0x17a  DblAdd.o [3]
  .text              ro code   0x800'30f0    0x14  exit.o [5]
  .text              ro code   0x800'3104   0x5a0  stm32f4xx_hal_i2c.o [1]
  .text              ro code   0x800'36a4   0x264  stm32f4xx_hal_msp.o [1]
  .text              ro code   0x800'3908   0x1ac  stm32f4xx_hal_rcc.o [1]
  .text              ro code   0x800'3ab4     0xc  stm32f4xx_hal.o [1]
  .text              ro code   0x800'3ac0    0xe2  stm32f4xx_hal_cortex.o [1]
  .text              ro code   0x800'3ba4   0x1e4  stm32f4xx_hal_gpio.o [1]
  .text              ro code   0x800'3d88    0x40  stm32f4xx_hal.o [1]
  .text              ro code   0x800'3dc8   0x56c  stm32f4xx_hal_uart.o [1]
  .text              ro code   0x800'4334    0x24  stm32f4xx_hal_dma.o [1]
  .text              ro code   0x800'4358     0x2  stm32f4xx_hal_uart.o [1]
  .text              ro code   0x800'435a     0x2  stm32f4xx_hal_uart.o [1]
  .text              ro code   0x800'435c     0x2  stm32f4xx_hal_uart.o [1]
  .text              ro code   0x800'4360   0x54c  scanman.o [1]
  .text              ro code   0x800'48ac   0x2d2  stm32f4_discovery_lcd.o [1]
  .text              ro code   0x800'4b80   0x108  HX711.o [1]
  .text              ro code   0x800'4c88    0x40  sprintf.o [2]
  .text              ro code   0x800'4cc8    0x28  stm32f4xx_hal.o [1]
  .text              ro code   0x800'4cf0     0x6  ABImemclr4.o [4]
  .text              ro code   0x800'4cf8    0xfc  US.o [1]
  .text              ro code   0x800'4df4    0x32  ABImemset48.o [4]
  .text              ro code   0x800'4e28   0x3ac  stm32f4xx_hal_adc_ex.o [1]
  .text              ro code   0x800'51d4   0x3be  main.o [1]
  .text              ro code   0x800'5594    0x34  stm32f4xx_hal.o [1]
  .text              ro code   0x800'55c8    0x54  stm32f4xx_hal_sram.o [1]
  .text              ro code   0x800'561c   0x2f8  stm32f4xx_hal_rcc.o [1]
  .text              ro code   0x800'5914   0x290  stm32f4xx_hal_adc.o [1]
  .text              ro code   0x800'5ba4    0xd4  stm32f4xx_ll_fsmc.o [1]
  .text              ro code   0x800'5c78    0xec  stm32f4xx_it.o [1]
  .text              ro code   0x800'5d64    0x10  stm32f4xx_hal.o [1]
  .text              ro code   0x800'5d74    0x60  system_stm32f4xx.o [1]
  .text              ro code   0x800'5dd4    0x28  data_init.o [4]
  .text              ro code   0x800'5dfc    0x22  fpinit_M.o [3]
  .iar.init_table    const     0x800'5e20    0x20  - Linker created -
  .text              ro code   0x800'5e40    0x1e  cmain.o [4]
  .text              ro code   0x800'5e5e     0x4  low_level_init.o [2]
  .text              ro code   0x800'5e62     0x4  exit.o [2]
  .text              ro code   0x800'5e68     0xa  cexit.o [4]
  .text              ro code   0x800'5e74    0x10  startup_stm32f407xx.o [1]
  .text              ro code   0x800'5e84     0xc  cstartup_M.o [4]
  .rodata            const     0x800'5e90     0x8  system_stm32f4xx.o [1]
  .rodata            const     0x800'5e98     0x6  xlocale_c.o [2]
  .text              ro code   0x800'5e9e     0x4  startup_stm32f407xx.o [1]
  .text              ro code   0x800'5ea2     0x4  startup_stm32f407xx.o [1]
  .text              ro code   0x800'5ea6     0x4  startup_stm32f407xx.o [1]
  .text              ro code   0x800'5eaa     0x4  startup_stm32f407xx.o [1]
  .text              ro code   0x800'5eae     0x4  startup_stm32f407xx.o [1]
  .text              ro code   0x800'5eb2     0x4  startup_stm32f407xx.o [1]
  .text              ro code   0x800'5eb6     0x4  startup_stm32f407xx.o [1]
  .text              ro code   0x800'5eba     0x4  startup_stm32f407xx.o [1]
  .text              ro code   0x800'5ebe     0x4  startup_stm32f407xx.o [1]
  .text              ro code   0x800'5ec2     0x4  startup_stm32f407xx.o [1]
  .text              ro code   0x800'5ec6     0x4  startup_stm32f407xx.o [1]
  .text              ro code   0x800'5eca     0x4  startup_stm32f407xx.o [1]
  .text              ro code   0x800'5ece     0x4  startup_stm32f407xx.o [1]
  .text              ro code   0x800'5ed2     0x4  startup_stm32f407xx.o [1]
  .text              ro code   0x800'5ed6     0x4  startup_stm32f407xx.o [1]
  .text              ro code   0x800'5eda     0x4  startup_stm32f407xx.o [1]
  .text              ro code   0x800'5ede     0x4  startup_stm32f407xx.o [1]
  .text              ro code   0x800'5ee2     0x4  startup_stm32f407xx.o [1]
  .text              ro code   0x800'5ee6     0x4  startup_stm32f407xx.o [1]
  .text              ro code   0x800'5eea     0x4  startup_stm32f407xx.o [1]
  .text              ro code   0x800'5eee     0x4  startup_stm32f407xx.o [1]
  .text              ro code   0x800'5ef2     0x4  startup_stm32f407xx.o [1]
  .text              ro code   0x800'5ef6     0x4  startup_stm32f407xx.o [1]
  .text              ro code   0x800'5efa     0x4  startup_stm32f407xx.o [1]
  .text              ro code   0x800'5efe     0x4  startup_stm32f407xx.o [1]
  .text              ro code   0x800'5f02     0x4  startup_stm32f407xx.o [1]
  .text              ro code   0x800'5f06     0x4  startup_stm32f407xx.o [1]
  .text              ro code   0x800'5f0a     0x4  startup_stm32f407xx.o [1]
  .text              ro code   0x800'5f0e     0x4  startup_stm32f407xx.o [1]
  .text              ro code   0x800'5f12     0x4  startup_stm32f407xx.o [1]
  .text              ro code   0x800'5f16     0x4  startup_stm32f407xx.o [1]
  .text              ro code   0x800'5f1a     0x4  startup_stm32f407xx.o [1]
  .text              ro code   0x800'5f1e     0x4  startup_stm32f407xx.o [1]
  .text              ro code   0x800'5f22     0x4  startup_stm32f407xx.o [1]
  .text              ro code   0x800'5f26     0x4  startup_stm32f407xx.o [1]
  .text              ro code   0x800'5f2a     0x4  startup_stm32f407xx.o [1]
  .text              ro code   0x800'5f2e     0x4  startup_stm32f407xx.o [1]
  .text              ro code   0x800'5f32     0x4  startup_stm32f407xx.o [1]
  .text              ro code   0x800'5f36     0x4  startup_stm32f407xx.o [1]
  .text              ro code   0x800'5f3a     0x4  startup_stm32f407xx.o [1]
  .text              ro code   0x800'5f3e     0x4  startup_stm32f407xx.o [1]
  .text              ro code   0x800'5f42     0x4  startup_stm32f407xx.o [1]
  .text              ro code   0x800'5f46     0x4  startup_stm32f407xx.o [1]
  .text              ro code   0x800'5f4a     0x4  startup_stm32f407xx.o [1]
  .text              ro code   0x800'5f4e     0x4  startup_stm32f407xx.o [1]
  .text              ro code   0x800'5f52     0x4  startup_stm32f407xx.o [1]
  .text              ro code   0x800'5f56     0x4  startup_stm32f407xx.o [1]
  .text              ro code   0x800'5f5a     0x4  startup_stm32f407xx.o [1]
  .text              ro code   0x800'5f5e     0x4  startup_stm32f407xx.o [1]
  .text              ro code   0x800'5f62     0x4  startup_stm32f407xx.o [1]
  .text              ro code   0x800'5f66     0x4  startup_stm32f407xx.o [1]
  .text              ro code   0x800'5f6a     0x4  startup_stm32f407xx.o [1]
  .text              ro code   0x800'5f6e     0x4  startup_stm32f407xx.o [1]
  .text              ro code   0x800'5f72     0x4  startup_stm32f407xx.o [1]
  .text              ro code   0x800'5f76     0x4  startup_stm32f407xx.o [1]
  .text              ro code   0x800'5f7a     0x4  startup_stm32f407xx.o [1]
  .text              ro code   0x800'5f7e     0x4  startup_stm32f407xx.o [1]
  .text              ro code   0x800'5f82     0x4  startup_stm32f407xx.o [1]
  .text              ro code   0x800'5f86     0x4  startup_stm32f407xx.o [1]
  .text              ro code   0x800'5f8a     0x4  startup_stm32f407xx.o [1]
  .text              ro code   0x800'5f8e     0x4  startup_stm32f407xx.o [1]
  .text              ro code   0x800'5f92     0x4  startup_stm32f407xx.o [1]
  .text              ro code   0x800'5f96     0x4  startup_stm32f407xx.o [1]
  .text              ro code   0x800'5f9a     0x4  startup_stm32f407xx.o [1]
  .text              ro code   0x800'5f9e     0x4  startup_stm32f407xx.o [1]
  .text              ro code   0x800'5fa2     0x4  startup_stm32f407xx.o [1]
  .text              ro code   0x800'5fa6     0x4  startup_stm32f407xx.o [1]
  .text              ro code   0x800'5faa     0x4  startup_stm32f407xx.o [1]
  .text              ro code   0x800'5fae     0x4  startup_stm32f407xx.o [1]
  .text              ro code   0x800'5fb2     0x4  startup_stm32f407xx.o [1]
  .text              ro code   0x800'5fb6     0x4  startup_stm32f407xx.o [1]
  .text              ro code   0x800'5fba     0x4  startup_stm32f407xx.o [1]
  .text              ro code   0x800'5fbe     0x4  startup_stm32f407xx.o [1]
  .text              ro code   0x800'5fc2     0x4  startup_stm32f407xx.o [1]
  .text              ro code   0x800'5fc6     0x4  startup_stm32f407xx.o [1]
  .text              ro code   0x800'5fca     0x4  startup_stm32f407xx.o [1]
  .text              ro code   0x800'5fce     0x4  startup_stm32f407xx.o [1]
  .text              ro code   0x800'5fd2     0x4  startup_stm32f407xx.o [1]
  .text              ro code   0x800'5fd6     0x4  startup_stm32f407xx.o [1]
  .rodata            const     0x800'5fda     0x0  zero_init3.o [4]
  .rodata            const     0x800'5fda     0x0  lz77_init_single.o [4]
  Initializer bytes  const     0x800'5fda    0x4c  <for P2-1>
                             - 0x800'6026  0x5e9e

"P2", part 1 of 3:                          0x158
  P2-1                        0x2000'0000   0x158  <Init block>
    .data            inited   0x2000'0000    0xb8  scanman.o [1]
    .data            inited   0x2000'00b8    0x10  stm32f4_discovery_lcd.o [1]
    .data            inited   0x2000'00c8     0xc  stm32f4xx_hal.o [1]
    .data            inited   0x2000'00d4     0x4  system_stm32f4xx.o [1]
    .data            inited   0x2000'00d8    0x38  xlocale_c.o [2]
    .data            inited   0x2000'0110    0x48  xlocale_c.o [2]
                            - 0x2000'0158   0x158

"P2", part 2 of 3:                          0x17c
  .bss               zero     0x2000'0158   0x128  main.o [1]
  .bss               zero     0x2000'0280    0x48  main.o [1]
  .bss               zero     0x2000'02c8     0x4  HX711.o [1]
  .bss               zero     0x2000'02cc     0x4  stm32f4xx_hal_msp.o [1]
  .bss               zero     0x2000'02d0     0x4  xfail_s.o [2]
                            - 0x2000'02d4   0x17c

"P2", part 3 of 3:                          0x400
  CSTACK                      0x2000'02d8   0x400  <Block>
    CSTACK           uninit   0x2000'02d8   0x400  <Block tail>
                            - 0x2000'06d8   0x400

Unused ranges:

         From           To      Size
         ----           --      ----
   0x800'6026   0x80f'ffff  0xf'9fda
  0x2000'02d4  0x2000'02d7       0x4
  0x2000'06d8  0x2001'ffff  0x1'f928


*******************************************************************************
*** INIT TABLE
***

          Address      Size
          -------      ----
Zero (__iar_zero_init3)
    1 destination range, total size 0x17c:
          0x2000'0158  0x17c

Copy/lz77 (__iar_lz77_init_single3)
    1 source range, total size 0x4c (22% of destination):
           0x800'5fda   0x4c
    1 destination range, total size 0x158:
          0x2000'0000  0x158



*******************************************************************************
*** MODULE SUMMARY
***

    Module                   ro code  ro data  rw data
    ------                   -------  -------  -------
command line/config:
    --------------------------------------------------
    Total:

C:\Users\Manager\Documents\project\VHR\HAL\Display\scanman\EWARM\scanman\Obj: [1]
    HX711.o                      264                 4
    US.o                         252
    main.o                       958               368
    scanman.o                  1 356       40      184
    startup_stm32f407xx.o        724
    stm32f4_discovery_lcd.o      722    4 564       16
    stm32f4xx_hal.o              184        2       12
    stm32f4xx_hal_adc.o          656
    stm32f4xx_hal_adc_ex.o       940
    stm32f4xx_hal_cortex.o       226
    stm32f4xx_hal_dma.o           36
    stm32f4xx_hal_gpio.o         484
    stm32f4xx_hal_i2c.o        1 440
    stm32f4xx_hal_msp.o          612                 4
    stm32f4xx_hal_rcc.o        1 188
    stm32f4xx_hal_sram.o          84
    stm32f4xx_hal_uart.o       1 394
    stm32f4xx_it.o               236
    stm32f4xx_ll_fsmc.o          212
    system_stm32f4xx.o            96        9        4
    --------------------------------------------------
    Total:                    12 064    4 615      592

dl7M_tlf.a: [2]
    abort.o                        6
    exit.o                         4
    low_level_init.o               4
    sprintf.o                     64
    xencoding_8859_1.o            30
    xfail_s.o                     64                 4
    xlocale_c.o                  120       35      128
    xmbcurmax.o                   10
    xprintffull.o              3 962
    xsprout.o                     10
    --------------------------------------------------
    Total:                     4 274       35      132

m7M_tls.a: [3]
    DblAdd.o                     378
    DblCmpGe.o                    46
    DblCmpLe.o                    46
    DblDiv.o                     582
    DblMul.o                     418
    DblSub.o                     226
    DblToS32.o                    58
    DblToU32.o                    40
    S32ToDbl.o                    34
    U32ToDbl.o                    26
    fpinit_M.o                    34
    frexp.o                      112
    ldexp.o                      314
    --------------------------------------------------
    Total:                     2 314

rt7M_tl.a: [4]
    ABImemclr4.o                   6
    ABImemcpy.o                  166
    ABImemset48.o                 50
    I64DivMod.o                  560
    I64DivZer.o                    2
    cexit.o                       10
    cmain.o                       30
    cstartup_M.o                  12
    data_init.o                   40
    lz77_init_single.o           122
    memchr.o                      88
    strchr.o                      22
    strlen.o                      54
    zero_init3.o                  58
    --------------------------------------------------
    Total:                     1 220

shb_l.a: [5]
    exit.o                        20
    --------------------------------------------------
    Total:                        20

    Gaps                          38        2
    Linker created                         32    1 024
------------------------------------------------------
    Grand Total:              19 930    4 684    1 748


*******************************************************************************
*** ENTRY LIST
***

Entry                       Address    Size  Type      Object
-----                       -------    ----  ----      ------
.iar.init_table$$Base    0x800'5e20           --   Gb  - Linker created -
.iar.init_table$$Limit   0x800'5e40           --   Gb  - Linker created -
?main                    0x800'5e41          Code  Gb  cmain.o [4]
ADC_Init                 0x800'5a99    0xf4  Code  Lc  stm32f4xx_hal_adc.o [1]
AHBPrescTable            0x800'5dc4    0x10  Data  Gb  system_stm32f4xx.o [1]
APBPrescTable            0x800'5e90     0x8  Data  Gb  system_stm32f4xx.o [1]
ASCII16x24_Table         0x800'0188  0x11d0  Data  Gb  stm32f4_discovery_lcd.o [1]
BackColor               0x2000'00ba     0x2  Data  Lc  stm32f4_discovery_lcd.o [1]
BusFault_Handler         0x800'5c7f     0x2  Code  Gb  stm32f4xx_it.o [1]
CSTACK$$Base            0x2000'02d8           --   Gb  - Linker created -
CSTACK$$Limit           0x2000'06d8           --   Gb  - Linker created -
CacheMore                0x800'2351    0x24  Code  Lc  xlocale_c.o [2]
DebugMon_Handler         0x800'5c85     0x2  Code  Gb  stm32f4xx_it.o [1]
FSMC_Initialized        0x2000'02cc     0x4  Data  Lc  stm32f4xx_hal_msp.o [1]
FSMC_NORSRAM_Extended_Timing_Init
                         0x800'5c35    0x3c  Code  Gb  stm32f4xx_ll_fsmc.o [1]
FSMC_NORSRAM_Init        0x800'5ba5    0x50  Code  Gb  stm32f4xx_ll_fsmc.o [1]
FSMC_NORSRAM_Timing_Init
                         0x800'5bf5    0x40  Code  Gb  stm32f4xx_ll_fsmc.o [1]
Font16x24               0x2000'00c0     0x8  Data  Gb  stm32f4_discovery_lcd.o [1]
GetWeight                0x800'4b81    0x4e  Code  Gb  HX711.o [1]
HAL_ADCEx_InjectedConfigChannel
                         0x800'5035   0x176  Code  Gb  stm32f4xx_hal_adc_ex.o [1]
HAL_ADCEx_InjectedGetValue
                         0x800'5001    0x34  Code  Gb  stm32f4xx_hal_adc_ex.o [1]
HAL_ADCEx_InjectedPollForConversion
                         0x800'4f45    0x8e  Code  Gb  stm32f4xx_hal_adc_ex.o [1]
HAL_ADCEx_InjectedStart
                         0x800'4e29    0x52  Code  Gb  stm32f4xx_hal_adc_ex.o [1]
HAL_ADCEx_InjectedStop   0x800'4f0b    0x3a  Code  Gb  stm32f4xx_hal_adc_ex.o [1]
HAL_ADC_ConfigChannel    0x800'5965   0x10e  Code  Gb  stm32f4xx_hal_adc.o [1]
HAL_ADC_Init             0x800'5915    0x50  Code  Gb  stm32f4xx_hal_adc.o [1]
HAL_ADC_MspInit          0x800'3733    0x38  Code  Gb  stm32f4xx_hal_msp.o [1]
HAL_DMA_Abort_IT         0x800'4335    0x24  Code  Gb  stm32f4xx_hal_dma.o [1]
HAL_Delay                0x800'4cc9    0x28  Code  Wk  stm32f4xx_hal.o [1]
HAL_GPIO_Init            0x800'3ba5   0x1a4  Code  Gb  stm32f4xx_hal_gpio.o [1]
HAL_GPIO_ReadPin         0x800'3d49     0xc  Code  Gb  stm32f4xx_hal_gpio.o [1]
HAL_GPIO_WritePin        0x800'3d55     0x8  Code  Gb  stm32f4xx_hal_gpio.o [1]
HAL_GetTick              0x800'3ab5     0xc  Code  Wk  stm32f4xx_hal.o [1]
HAL_I2C_Init             0x800'3105    0xc2  Code  Gb  stm32f4xx_hal_i2c.o [1]
HAL_I2C_Master_Receive   0x800'31f1    0xf2  Code  Gb  stm32f4xx_hal_i2c.o [1]
HAL_I2C_MspInit          0x800'376b    0x48  Code  Gb  stm32f4xx_hal_msp.o [1]
HAL_IncTick              0x800'5d65    0x10  Code  Wk  stm32f4xx_hal.o [1]
HAL_Init                 0x800'5595    0x30  Code  Gb  stm32f4xx_hal.o [1]
HAL_InitTick             0x800'3d89    0x40  Code  Wk  stm32f4xx_hal.o [1]
HAL_MspInit              0x800'36a5    0x8e  Code  Gb  stm32f4xx_hal_msp.o [1]
HAL_NVIC_EnableIRQ       0x800'3b2f     0xa  Code  Gb  stm32f4xx_hal_cortex.o [1]
HAL_NVIC_SetPriority     0x800'3af5    0x3a  Code  Gb  stm32f4xx_hal_cortex.o [1]
HAL_NVIC_SetPriorityGrouping
                         0x800'3adb    0x1a  Code  Gb  stm32f4xx_hal_cortex.o [1]
HAL_RCC_ClockConfig      0x800'3909    0xfe  Code  Gb  stm32f4xx_hal_rcc.o [1]
HAL_RCC_GetHCLKFreq      0x800'3a13     0x6  Code  Gb  stm32f4xx_hal_rcc.o [1]
HAL_RCC_GetPCLK1Freq     0x800'3a19    0x10  Code  Gb  stm32f4xx_hal_rcc.o [1]
HAL_RCC_GetPCLK2Freq     0x800'3a29     0xe  Code  Gb  stm32f4xx_hal_rcc.o [1]
HAL_RCC_OscConfig        0x800'561d   0x2f8  Code  Wk  stm32f4xx_hal_rcc.o [1]
HAL_SRAM_Init            0x800'55c9    0x54  Code  Gb  stm32f4xx_hal_sram.o [1]
HAL_SRAM_MspInit         0x800'386d    0x60  Code  Gb  stm32f4xx_hal_msp.o [1]
HAL_SYSTICK_CLKSourceConfig
                         0x800'3b6b    0x1a  Code  Gb  stm32f4xx_hal_cortex.o [1]
HAL_SYSTICK_Config       0x800'3b43    0x28  Code  Gb  stm32f4xx_hal_cortex.o [1]
HAL_SYSTICK_IRQHandler   0x800'3b9d     0x4  Code  Gb  stm32f4xx_hal_cortex.o [1]
HAL_UART_IRQHandler      0x800'3f4b   0x14e  Code  Gb  stm32f4xx_hal_uart.o [1]
HAL_UART_Init            0x800'3dc9    0x1e  Code  Gb  stm32f4xx_hal_uart.o [1]
HAL_UART_MspInit         0x800'37b3    0xa2  Code  Gb  stm32f4xx_hal_msp.o [1]
HAL_UART_Receive_IT      0x800'3ef3    0x4c  Code  Gb  stm32f4xx_hal_uart.o [1]
HAL_UART_RxCpltCallback
                         0x800'435d     0x2  Code  Wk  stm32f4xx_hal_uart.o [1]
HAL_UART_Transmit        0x800'3e3f    0xac  Code  Gb  stm32f4xx_hal_uart.o [1]
HardFault_Handler        0x800'5c7b     0x2  Code  Gb  stm32f4xx_it.o [1]
I2C_MasterRequestRead    0x800'3471    0xae  Code  Lc  stm32f4xx_hal_i2c.o [1]
I2C_WaitOnFlagUntilTimeout
                         0x800'356d    0x5e  Code  Lc  stm32f4xx_hal_i2c.o [1]
I2C_WaitOnMasterAddressFlagUntilTimeout
                         0x800'35cb    0x6a  Code  Lc  stm32f4xx_hal_i2c.o [1]
I2C_WaitOnRXNEFlagUntilTimeout
                         0x800'3645    0x50  Code  Lc  stm32f4xx_hal_i2c.o [1]
LCD_Clear                0x800'4a51    0x20  Code  Gb  stm32f4_discovery_lcd.o [1]
LCD_Currentfonts        0x2000'00bc     0x4  Data  Lc  stm32f4_discovery_lcd.o [1]
LCD_DisplayChar          0x800'4b03    0x1e  Code  Gb  stm32f4_discovery_lcd.o [1]
LCD_DisplayStringLine    0x800'4b21    0x2c  Code  Gb  stm32f4_discovery_lcd.o [1]
LCD_DrawChar             0x800'4a7b    0x88  Code  Gb  stm32f4_discovery_lcd.o [1]
LCD_GetFont              0x800'4a49     0x8  Code  Gb  stm32f4_discovery_lcd.o [1]
LCD_ReadReg              0x800'4a19     0x8  Code  Gb  stm32f4_discovery_lcd.o [1]
LCD_SetBackColor         0x800'4a39    0x10  Code  Gb  stm32f4_discovery_lcd.o [1]
LCD_SetCursor            0x800'4a03    0x16  Code  Gb  stm32f4_discovery_lcd.o [1]
LCD_SetTextColor         0x800'4a29    0x10  Code  Gb  stm32f4_discovery_lcd.o [1]
LoadInt                  0x800'151b    0x7a  Code  Lc  xprintffull.o [2]
MX_ADC1_Init             0x800'539b    0x92  Code  Lc  main.o [1]
MX_GPIO_Init             0x800'5437    0xfc  Code  Lc  main.o [1]
MemManage_Handler        0x800'5c7d     0x2  Code  Gb  stm32f4xx_it.o [1]
NMI_Handler              0x800'5c79     0x2  Code  Gb  stm32f4xx_it.o [1]
NVIC_SetPriority         0x800'3ac1    0x1a  Code  Lc  stm32f4xx_hal_cortex.o [1]
PendSV_Handler           0x800'5c87     0x2  Code  Gb  stm32f4xx_it.o [1]
RAM_LCD_Read            0x2000'002c     0x4  Data  Gb  scanman.o [1]
Region$$Table$$Base      0x800'5e20           --   Gb  - Linker created -
Region$$Table$$Limit     0x800'5e40           --   Gb  - Linker created -
STM32f4_Discovery_LCD_Init
                         0x800'48ad   0x14c  Code  Gb  stm32f4_discovery_lcd.o [1]
SVC_Handler              0x800'5c83     0x2  Code  Gb  stm32f4xx_it.o [1]
ScanMan                  0x800'4361    0xb0  Code  Gb  scanman.o [1]
StrLCD                  0x2000'0074    0x44  Data  Gb  scanman.o [1]
SysTick_Handler          0x800'5c89     0xe  Code  Gb  stm32f4xx_it.o [1]
SystemClock_Config       0x800'52ef    0xac  Code  Gb  main.o [1]
SystemCoreClock         0x2000'00d4     0x4  Data  Gb  system_stm32f4xx.o [1]
SystemInit               0x800'5d75    0x3a  Code  Gb  system_stm32f4xx.o [1]
TextColor               0x2000'00b8     0x2  Data  Lc  stm32f4_discovery_lcd.o [1]
UART4_IRQHandler         0x800'5c97     0x6  Code  Gb  stm32f4xx_it.o [1]
UART_DMAAbortOnError     0x800'4119     0xc  Code  Lc  stm32f4xx_hal_uart.o [1]
UART_EndRxTransfer       0x800'40fd    0x1c  Code  Lc  stm32f4xx_hal_uart.o [1]
UART_Receive_IT          0x800'4125    0x88  Code  Lc  stm32f4xx_hal_uart.o [1]
UART_Receive_IT          0x800'5cdd    0x88  Code  Gb  stm32f4xx_it.o [1]
UART_SetConfig           0x800'41ad   0x13e  Code  Lc  stm32f4xx_hal_uart.o [1]
UART_WaitOnFlagUntilTimeout
                         0x800'4099    0x56  Code  Lc  stm32f4xx_hal_uart.o [1]
USART6_IRQHandler        0x800'5c9d    0x2e  Code  Gb  stm32f4xx_it.o [1]
UsageFault_Handler       0x800'5c81     0x2  Code  Gb  stm32f4xx_it.o [1]
_Encoding_8859_1_Mbrlen
                         0x800'249d     0x2  Code  Gb  xencoding_8859_1.o [2]
_Encoding_8859_1_Wctomb
                         0x800'248b    0x12  Code  Gb  xencoding_8859_1.o [2]
_GenldFull               0x800'1fad   0x274  Code  Lc  xprintffull.o [2]
_LdtobFull               0x800'1b81   0x400  Code  Lc  xprintffull.o [2]
_LitobFull               0x800'1a29   0x112  Code  Lc  xprintffull.o [2]
_Locale_lconv           0x2000'00d8    0x38  Data  Lc  xlocale_c.o [2]
_PrintfFull              0x800'1359   0x1aa  Code  Gb  xprintffull.o [2]
_PutcharsFull            0x800'2221    0x2e  Code  Lc  xprintffull.o [2]
_PutfldFull              0x800'1595   0x2d8  Code  Lc  xprintffull.o [2]
_PutstrFull              0x800'1963    0xc6  Code  Lc  xprintffull.o [2]
_PuttxtFull              0x800'186d    0xf6  Code  Lc  xprintffull.o [2]
_SProut                  0x800'250b     0xa  Code  Gb  xsprout.o [2]
__aeabi_cdcmple          0x800'2a01          Code  Gb  DblCmpLe.o [3]
__aeabi_cdrcmple         0x800'2a31          Code  Gb  DblCmpGe.o [3]
__aeabi_d2iz             0x800'2b9d          Code  Gb  DblToS32.o [3]
__aeabi_d2uiz            0x800'2f29          Code  Gb  DblToU32.o [3]
__aeabi_dadd             0x800'2f75          Code  Gb  DblAdd.o [3]
__aeabi_ddiv             0x800'2ce1          Code  Gb  DblDiv.o [3]
__aeabi_dmul             0x800'27ed          Code  Gb  DblMul.o [3]
__aeabi_dsub             0x800'2bfd          Code  Gb  DblSub.o [3]
__aeabi_i2d              0x800'2bd9          Code  Gb  S32ToDbl.o [3]
__aeabi_ldiv0            0x800'2f71          Code  Gb  I64DivZer.o [4]
__aeabi_memclr4          0x800'4cf1          Code  Gb  ABImemclr4.o [4]
__aeabi_memcpy           0x800'2515          Code  Gb  ABImemcpy.o [4]
__aeabi_memcpy4          0x800'2535          Code  Gb  ABImemcpy.o [4]
__aeabi_memcpy8          0x800'2535          Code  Gb  ABImemcpy.o [4]
__aeabi_ui2d             0x800'2f51          Code  Gb  U32ToDbl.o [3]
__aeabi_uldivmod         0x800'25bd          Code  Gb  I64DivMod.o [4]
__cmain                  0x800'5e41          Code  Gb  cmain.o [4]
__exit                   0x800'30f1    0x14  Code  Gb  exit.o [5]
__iar_Fail_s             0x800'2415    0x1c  Code  Gb  xfail_s.o [2]
__iar_Mbcurmax           0x800'2501     0xa  Code  Gb  xmbcurmax.o [2]
__iar_Memchr             0x800'24a9          Code  Gb  memchr.o [4]
__iar_Memset4_word       0x800'4df5          Code  Gb  ABImemset48.o [4]
__iar_Memset8_word       0x800'4df5          Code  Gb  ABImemset48.o [4]
__iar_Strchr             0x800'23c5          Code  Gb  strchr.o [4]
__iar_dadd               0x800'2c0d          Code  Gb  DblSub.o [3]
__iar_data_init3         0x800'5dd5    0x28  Code  Gb  data_init.o [4]
__iar_dsub               0x800'2f85          Code  Gb  DblAdd.o [3]
__iar_dsubStart          0x800'2f97          Code  Gb  DblAdd.o [3]
__iar_frexp              0x800'299d          Code  Gb  frexp.o [3]
__iar_frexpl             0x800'299d          Code  Gb  frexp.o [3]
__iar_globLocale        0x2000'0110    0x48  Data  Lc  xlocale_c.o [2]
__iar_global_Locale      0x800'234d     0x4  Code  Gb  xlocale_c.o [2]
__iar_init_vfp           0x800'5dfd          Code  Gb  fpinit_M.o [3]
__iar_ldexp64            0x800'2a61          Code  Gb  ldexp.o [3]
__iar_lz77_init_single3
                         0x800'22d3    0x7a  Code  Gb  lz77_init_single.o [4]
__iar_program_start      0x800'5e85          Code  Gb  cstartup_M.o [4]
__iar_scalbln64          0x800'2a61          Code  Gb  ldexp.o [3]
__iar_scalbn64           0x800'2a61          Code  Gb  ldexp.o [3]
__iar_softfp___iar_frexp64
                         0x800'2991          Code  Gb  frexp.o [3]
__iar_softfp_frexp       0x800'2991          Code  Gb  frexp.o [3]
__iar_softfp_frexpl      0x800'2991          Code  Gb  frexp.o [3]
__iar_zero_init3         0x800'23db    0x3a  Code  Gb  zero_init3.o [4]
__low_level_init         0x800'5e5f     0x4  Code  Gb  low_level_init.o [2]
__vector_table           0x800'0000          Data  Gb  startup_stm32f407xx.o [1]
_call_main               0x800'5e4d          Code  Gb  cmain.o [4]
_exit                    0x800'5e69          Code  Gb  cexit.o [4]
_gLocale_mblen           0x800'23b1     0x4  Code  Gb  xlocale_c.o [2]
_gLocale_mblenInt        0x800'2375    0x2c  Code  Gb  xlocale_c.o [2]
_gLocale_wctomb          0x800'23b5     0x4  Code  Gb  xlocale_c.o [2]
_gLocale_wctombInt       0x800'23ad     0x4  Code  Gb  xlocale_c.o [2]
_main                    0x800'5e5b          Code  Gb  cmain.o [4]
abort                    0x800'2f6b     0x6  Code  Gb  abort.o [2]
calibrationAndShow       0x800'4609    0x3e  Code  Gb  scanman.o [1]
checkCommand             0x800'45af    0x5a  Code  Gb  scanman.o [1]
data_buffer             0x2000'0014     0xc  Data  Gb  scanman.o [1]
delay                    0x800'4b5d    0x22  Code  Lc  stm32f4_discovery_lcd.o [1]
exit                     0x800'5e63     0x4  Code  Gb  exit.o [2]
getAndShowParam          0x800'4651    0x4e  Code  Gb  scanman.o [1]
getUart                 0x2000'0000    0x10  Data  Gb  scanman.o [1]
getWHL                   0x800'4cf9    0xbc  Code  Gb  US.o [1]
getWeight                0x800'4bd9    0x30  Code  Gb  HX711.o [1]
getWeightShot            0x800'4c09    0x20  Code  Gb  HX711.o [1]
hadc1                   0x2000'0280    0x48  Data  Gb  main.o [1]
hi2c1                   0x2000'01e8    0x54  Data  Gb  main.o [1]
hsram1                  0x2000'0198    0x50  Data  Gb  main.o [1]
huart4                  0x2000'023c    0x40  Data  Gb  main.o [1]
huart6                  0x2000'0158    0x40  Data  Gb  main.o [1]
it                      0x2000'0010     0x1  Data  Gb  scanman.o [1]
k                       0x2000'0020     0x4  Data  Gb  scanman.o [1]
ldexp                    0x800'2a61          Code  Gb  ldexp.o [3]
ldexpl                   0x800'2a61          Code  Gb  ldexp.o [3]
localeconv               0x800'23b9     0x4  Code  Gb  xlocale_c.o [2]
main                     0x800'51d5   0x11a  Code  Gb  main.o [1]
memchr                   0x800'24a9          Code  Gb  memchr.o [4]
nyl                     0x2000'02c8     0x4  Data  Gb  HX711.o [1]
pData                   0x2000'027c     0x4  Data  Gb  main.o [1]
part                    0x2000'0030    0x44  Data  Gb  scanman.o [1]
pressSB2                 0x800'46fd    0x38  Code  Gb  scanman.o [1]
pressSB3                 0x800'46a5    0x40  Code  Gb  scanman.o [1]
scalbln                  0x800'2a61          Code  Gb  ldexp.o [3]
scalblnl                 0x800'2a61          Code  Gb  ldexp.o [3]
scalbn                   0x800'2a61          Code  Gb  ldexp.o [3]
scalbnl                  0x800'2a61          Code  Gb  ldexp.o [3]
scale                    0x800'1b3b    0x46  Code  Lc  xprintffull.o [2]
scalesCalibration        0x800'4c39    0x3a  Code  Gb  HX711.o [1]
sec_hand                0x2000'02d0     0x4  Data  Lc  xfail_s.o [2]
showParamLCD             0x800'4411    0x9e  Code  Gb  scanman.o [1]
sprintf                  0x800'4c89    0x40  Code  Gb  sprintf.o [2]
startLoad                0x800'44c5    0xdc  Code  Gb  scanman.o [1]
strchr                   0x800'23c5          Code  Gb  strchr.o [4]
strlen                   0x800'2455          Code  Gb  strlen.o [4]
tempWeight              0x2000'0028     0x4  Data  Gb  scanman.o [1]
uwTick                  0x2000'00cc     0x4  Data  Gb  stm32f4xx_hal.o [1]
uwTickFreq              0x2000'00c8     0x1  Data  Gb  stm32f4xx_hal.o [1]
uwTickPrio              0x2000'00d0     0x4  Data  Gb  stm32f4xx_hal.o [1]
w                       0x2000'0024     0x4  Data  Gb  scanman.o [1]


[1] = C:\Users\Manager\Documents\project\VHR\HAL\Display\scanman\EWARM\scanman\Obj
[2] = dl7M_tlf.a
[3] = m7M_tls.a
[4] = rt7M_tl.a
[5] = shb_l.a

  19 930 bytes of readonly  code memory
   4 684 bytes of readonly  data memory
   1 748 bytes of readwrite data memory

Errors: none
Warnings: none
